<book><title>Dune</title>, <author>Frank Herbert</author></book>
<book><title>Dune Messiah</title>, <author>Frank Herbert</author></book>
