<author>Stephen King</author>
<author>J. D. Salinger</author>
<author>Issac Asimov</author>
<author>Isaac Asimov</author>
<author>Oscar Wilde</author>
<author>Frank Herbert</author>
<author>Frank Herbert</author>
